// Jest Snapshot v1, https://goo.gl/fbAQLP

exports[`Document renders correctly 1`] = `
<Document
  title="Luke Chapman Résumé"
>
  <Page
    size="A4"
    style={
      Array [
        "body",
        Object {
          "backgroundColor": "white",
          "flexDirection": "column",
          "padding": "20 30",
        },
      ]
    }
  >
    <View
      style={
        Object {
          "alignItems": "center",
          "flexDirection": "row",
          "justifyContent": "space-between",
          "marginBottom": 10,
        }
      }
    >
      <Text
        style="h1"
      >
        Luke Chapman
      </Text>
      <View
        style={
          Object {
            "alignItems": "right",
            "fontFamily": "PT Sans",
          }
        }
      >
        <Text>
          <FAIcon
            fas={true}
            icon="envelope"
          />
           
          <Link
            src="mailto:lukeggchapman@gmail.com"
          >
            LukeGGChapman@gmail.com
          </Link>
        </Text>
        <Text>
          <FAIcon
            fas={true}
            icon="phone"
          />
           
          <Link
            src="tel:+61401516361"
          >
            +61 401 516 361
          </Link>
        </Text>
      </View>
    </View>
    <View
      style={
        Object {
          "flexDirection": "row",
          "flexGrow": 1,
        }
      }
    >
      <View
        style={
          Object {
            "flex": 6,
          }
        }
      >
        <Section
          title="Experience"
        >
          <Experience
            data="experienceTest"
          />
        </Section>
        <Section
          title="Education"
        >
          <Education
            data="educationTest"
          />
        </Section>
      </View>
      <View
        style={
          Object {
            "flex": 1,
            "marginLeft": 10,
          }
        }
      >
        <Section
          title="Skills"
        >
          <Skills
            data="skillsTest"
          />
        </Section>
      </View>
    </View>
    <View
      style={
        Array [
          "h4",
          Object {
            "flexDirection": "row",
            "justifyContent": "space-between",
          },
        ]
      }
    >
      <Text>
        <FAIcon
          fab={true}
          icon="github"
        />
         
        <Link
          src="https://github.com/lukeggchapman"
        >
          lukeggchapman
        </Link>
      </Text>
      <Text>
        <FAIcon
          fab={true}
          icon="linkedin"
        />
         
        <Link
          src="https://www.linkedin.com/in/lukeggchapman"
        >
          lukeggchapman
        </Link>
      </Text>
      <Text>
        <FAIcon
          fab={true}
          icon="react"
        />
         
        Created with React.
         Source code 
        <Link
          src="https://bit.ly/2VgE4pH"
        >
          https://bit.ly/2VgE4pH
        </Link>
      </Text>
    </View>
  </Page>
</Document>
`;
