// Jest Snapshot v1, https://goo.gl/fbAQLP

exports[`ResumePDF renders StaticQuery correctly 1`] = `
<StaticQuery
  query={
    Array [
      "
      query {
        education: allMarkdownRemark(
          filter: { fields: { sourceInstanceName: { eq: \\"education\\" } } }
          sort: { fields: [frontmatter___endDate], order: DESC }
        ) {
          edges {
            node {
              htmlAst
              frontmatter {
                degree
                school
                startDate
                endDate
                logo {
                  publicURL
                }
              }
            }
          }
        }
        experience: allMarkdownRemark(
          filter: { fields: { sourceInstanceName: { eq: \\"experience\\" } } }
          sort: { fields: [frontmatter___endDate], order: DESC }
        ) {
          edges {
            node {
              htmlAst
              frontmatter {
                role
                company
                startDate
                endDate
                logo {
                  publicURL
                }
              }
            }
          }
        }
        skills: allSkillsJson {
          edges {
            node {
              advanced
              intermediate
              beginner
            }
          }
        }
      }
    ",
    ]
  }
  render={[Function]}
/>
`;

exports[`ResumePDF renders correctly 1`] = `
<PDFViewer
  css={
    Object {
      "map": undefined,
      "name": "4s2w0f",
      "next": undefined,
      "styles": "
      width: 100%;
      height: 100%;
      background-color: white;
      overflow-x: hidden;
      overflow-y: hidden;
      margin-bottom: 0;
      border: none;
    ",
    }
  }
>
  <Document
    data="dataTest"
  />
</PDFViewer>
`;
