// Jest Snapshot v1, https://goo.gl/fbAQLP

exports[`Header Section renders correctly 1`] = `
<View
  style={
    Object {
      "alignItems": "center",
      "flexDirection": "row",
      "justifyContent": "space-between",
      "marginBottom": 10,
    }
  }
>
  <Text
    style="h1"
  >
    Luke Chapman
  </Text>
  <View
    style={
      Object {
        "alignItems": "flex-end",
        "fontFamily": "PT Sans",
      }
    }
  >
    <IconLink
      fas={true}
      icon="envelope"
      src="mailto:lukeggchapman@gmail.com"
    >
      LukeGGChapman@gmail.com
    </IconLink>
    <IconLink
      fas={true}
      icon="phone"
      src="tel:+61401516361"
    >
      0401 516 361
    </IconLink>
  </View>
</View>
`;
