// Jest Snapshot v1, https://goo.gl/fbAQLP

exports[`HTML renders correctly 1`] = `
<html
  css={
    Array [
      "
        height: 100%;
        overflow: hidden;
      ",
    ]
  }
  htmlAttributes="test"
>
  <head>
    <meta
      charSet="utf-8"
    />
    <meta
      content="ie=edge"
      httpEquiv="x-ua-compatible"
    />
    <meta
      content="width=device-width, initial-scale=1, shrink-to-fit=no"
      name="viewport"
    />
    headComponentsTest
  </head>
  <body
    bodyAttributes="test"
    css={
      Array [
        "
          height: 100%;
        ",
      ]
    }
  >
    preBodyComponentsTest
    <noscript
      id="gatsby-noscript"
      key="noscript"
    >
      This app works best with JavaScript enabled.
    </noscript>
    <div
      css={
        Array [
          "
            height: 100%;
            > div[role='group'][tabindex] {
              height: 100%;
            }
          ",
        ]
      }
      dangerouslySetInnerHTML={
        Object {
          "__html": "bodyTest",
        }
      }
      id="___gatsby"
      key="body"
    />
    postBodyComponentsTest
  </body>
</html>
`;
