// Jest Snapshot v1, https://goo.gl/fbAQLP

exports[`Document renders correctly 1`] = `
<div>
  <div
    data-pdf="Document"
    title="Luke Chapman Resume"
  >
    <div
      data-pdf="Page"
      data-style="[
  "body",
  {
    "flexDirection": "column",
    "backgroundColor": "white",
    "padding": "20 30"
  }
]"
    >
      <div
        data-pdf="View"
        data-style="{
  "flexDirection": "row",
  "justifyContent": "space-between",
  "alignItems": "center",
  "marginBottom": 10
}"
      >
        <div
          data-pdf="Text"
          data-style=""h1""
        >
          Luke Chapman
        </div>
        <div
          data-pdf="View"
          data-style="{
  "alignItems": "flex-end",
  "fontFamily": "Noto Sans",
  "fontSize": 10
}"
        >
          <div
            data-pdf="Text"
          >
            <div
              data-pdf="Text"
              data-style="[
  {
    "fontFamily": "Font Awesome 5 Free"
  },
  {
    "fontWeight": 900
  }
]"
            >
              
            </div>
             
            <div
              data-pdf="Link"
              src="mailto:lukeggchapman@gmail.com"
            >
              lukeggchapman@gmail.com
            </div>
          </div>
          <div
            data-pdf="Text"
          >
            <div
              data-pdf="Text"
              data-style="[
  {
    "fontFamily": "Font Awesome 5 Free"
  },
  {
    "fontWeight": 900
  }
]"
            >
              
            </div>
             
            <div
              data-pdf="Link"
              src="tel:+61401516361"
            >
              0401516361
            </div>
          </div>
        </div>
      </div>
      <div
        data-pdf="View"
        data-style="{
  "flexDirection": "row",
  "flexGrow": 1
}"
      >
        <div
          data-pdf="View"
          data-style="{
  "flex": 6
}"
        >
          <div
            data-pdf="View"
          >
            <div
              data-pdf="Text"
              data-style=""h2""
            >
              Experience
            </div>
            <div
              data-pdf="View"
              data-style="[
  {
    "flexDirection": "column",
    "fontSize": 8,
    "padding": "10 6"
  },
  {}
]"
            >
              <div
                data-pdf="View"
                data-style="{
  "flexDirection": "row",
  "marginBottom": 4
}"
              >
                <div
                  data-pdf="View"
                  data-style="{
  "alignItems": "center",
  "width": 45
}"
                >
                  <div
                    data-pdf="Image"
                    data-style="{
  "height": 35,
  "paddingRight": 10
}"
                    src="logoPublcUrlTest1"
                  />
                </div>
                <div
                  data-pdf="View"
                  data-style="{
  "flexGrow": 1,
  "justifyContent": "center"
}"
                >
                  <div
                    data-pdf="Text"
                    data-style=""h3""
                  >
                    companyTest1
                  </div>
                  <div
                    data-pdf="View"
                    data-style="[
  "h4",
  {
    "flexDirection": "row",
    "justifyContent": "space-between"
  }
]"
                  >
                    <div
                      data-pdf="Text"
                    >
                      roleTest1
                    </div>
                    <div
                      data-pdf="View"
                    >
                      <div
                        data-pdf="Text"
                      >
                        Jun, 2021 – Apr, 2020
                         · 
                        -2 yr -1 mo
                      </div>
                    </div>
                  </div>
                </div>
              </div>
              <div
                data-pdf="View"
                data-style="{
  "flexDirection": "column",
  "width": "100%",
  "padding": 10
}"
              >
                <div
                  data-pdf="View"
                  data-style="{
  "marginTop": 5
}"
                  data-testid="content"
                >
                  htmlAstTest1
                </div>
              </div>
              <div
                data-pdf="Image"
                data-style="{
  "width": 400,
  "alignSelf": "center",
  "marginTop": 6
}"
                src="test-file-stub"
              />
            </div>
            <div
              data-pdf="View"
              data-style="[
  {
    "flexDirection": "column",
    "fontSize": 8,
    "padding": "10 6"
  },
  {}
]"
            >
              <div
                data-pdf="View"
                data-style="{
  "flexDirection": "row",
  "marginBottom": 4
}"
              >
                <div
                  data-pdf="View"
                  data-style="{
  "alignItems": "center",
  "width": 45
}"
                >
                  <div
                    data-pdf="Image"
                    data-style="{
  "height": 35,
  "paddingRight": 10
}"
                    src="logoPublcUrlTest2"
                  />
                </div>
                <div
                  data-pdf="View"
                  data-style="{
  "flexGrow": 1,
  "justifyContent": "center"
}"
                >
                  <div
                    data-pdf="Text"
                    data-style=""h3""
                  >
                    companyTest2
                  </div>
                  <div
                    data-pdf="View"
                    data-style="[
  "h4",
  {
    "flexDirection": "row",
    "justifyContent": "space-between"
  }
]"
                  >
                    <div
                      data-pdf="Text"
                    >
                      roleTest2
                    </div>
                    <div
                      data-pdf="View"
                    >
                      <div
                        data-pdf="Text"
                      >
                        Jul, 2021 – Aug, 2023
                         · 
                        2 yrs 1 mo
                      </div>
                    </div>
                  </div>
                </div>
              </div>
              <div
                data-pdf="View"
                data-style="{
  "flexDirection": "column",
  "width": "100%",
  "padding": 10
}"
              >
                <div
                  data-pdf="View"
                  data-style="{
  "marginTop": 5
}"
                  data-testid="content"
                >
                  htmlAstTest2
                </div>
              </div>
              <div
                data-pdf="Image"
                data-style="{
  "width": 400,
  "alignSelf": "center",
  "marginTop": 6
}"
                src="test-file-stub"
              />
            </div>
          </div>
          <div
            data-pdf="View"
          >
            <div
              data-pdf="Text"
              data-style=""h2""
            >
              Education
            </div>
            <div
              data-pdf="View"
              data-style="[
  {
    "flexDirection": "column",
    "fontSize": 8,
    "padding": "10 6"
  },
  {}
]"
            >
              <div
                data-pdf="View"
                data-style="{
  "flexDirection": "row",
  "marginBottom": 4
}"
              >
                <div
                  data-pdf="View"
                  data-style="{
  "alignItems": "center",
  "width": 45
}"
                >
                  <div
                    data-pdf="Image"
                    data-style="{
  "height": 35,
  "paddingRight": 10
}"
                    src="logoPublcUrlTest1"
                  />
                </div>
                <div
                  data-pdf="View"
                  data-style="{
  "flexGrow": 1,
  "justifyContent": "center"
}"
                >
                  <div
                    data-pdf="Text"
                    data-style=""h3""
                  >
                    schoolTest1
                  </div>
                  <div
                    data-pdf="View"
                    data-style="[
  "h4",
  {
    "flexDirection": "row",
    "justifyContent": "space-between"
  }
]"
                  >
                    <div
                      data-pdf="Text"
                    >
                      degreeTest1
                    </div>
                    <div
                      data-pdf="View"
                    >
                      <div
                        data-pdf="Text"
                      >
                        Jan, 2001 – May, 2004
                         · 
                        3 yrs 4 mos
                      </div>
                    </div>
                  </div>
                </div>
              </div>
              <div
                data-pdf="View"
                data-style="{
  "flexDirection": "column",
  "width": "100%",
  "padding": 10
}"
              >
                <div
                  data-pdf="View"
                  data-style="{
  "marginTop": 5
}"
                  data-testid="content"
                >
                  htmlAstTest1
                </div>
              </div>
              <div
                data-pdf="Image"
                data-style="{
  "width": 400,
  "alignSelf": "center",
  "marginTop": 6
}"
                src="test-file-stub"
              />
            </div>
          </div>
        </div>
        <div
          data-pdf="View"
          data-style="{
  "flex": 1,
  "marginLeft": 20
}"
        >
          <div
            data-pdf="View"
          >
            <div
              data-pdf="Text"
              data-style=""h2""
            >
              Skills
            </div>
            <div
              data-pdf="View"
              data-style="{
  "marginBottom": 10
}"
            >
              <div
                data-pdf="Text"
                data-style="[
  "h3",
  {
    "textTransform": "capitalize",
    "marginBottom": 5
  }
]"
              >
                beginner
              </div>
              <div
                data-pdf="Text"
                data-style="{
  "color": "#333",
  "fontFamily": "PT Sans",
  "fontSize": 8
}"
              >
                skillTest1
              </div>
              <div
                data-pdf="Text"
                data-style="{
  "color": "#333",
  "fontFamily": "PT Sans",
  "fontSize": 8
}"
              >
                skillTest2
              </div>
            </div>
            <div
              data-pdf="View"
              data-style="{
  "marginBottom": 10
}"
            >
              <div
                data-pdf="Text"
                data-style="[
  "h3",
  {
    "textTransform": "capitalize",
    "marginBottom": 5
  }
]"
              >
                intermediate
              </div>
              <div
                data-pdf="Text"
                data-style="{
  "color": "#333",
  "fontFamily": "PT Sans",
  "fontSize": 8
}"
              >
                skillTest3
              </div>
              <div
                data-pdf="Text"
                data-style="{
  "color": "#333",
  "fontFamily": "PT Sans",
  "fontSize": 8
}"
              >
                skillTest4
              </div>
            </div>
            <div
              data-pdf="View"
              data-style="{
  "marginBottom": 10
}"
            >
              <div
                data-pdf="Text"
                data-style="[
  "h3",
  {
    "textTransform": "capitalize",
    "marginBottom": 5
  }
]"
              >
                advanced
              </div>
              <div
                data-pdf="Text"
                data-style="{
  "color": "#333",
  "fontFamily": "PT Sans",
  "fontSize": 8
}"
              >
                skillTest5
              </div>
              <div
                data-pdf="Text"
                data-style="{
  "color": "#333",
  "fontFamily": "PT Sans",
  "fontSize": 8
}"
              >
                skillTest6
              </div>
            </div>
          </div>
        </div>
      </div>
      <div
        data-pdf="View"
        data-style="[
  "h4",
  {
    "flexDirection": "row",
    "justifyContent": "space-between"
  }
]"
      >
        <div
          data-pdf="Text"
        >
          <div
            data-pdf="Text"
            data-style="[
  {
    "fontFamily": "Font Awesome 5 Free"
  },
  {
    "fontWeight": 700
  }
]"
          >
            
          </div>
           
          <div
            data-pdf="Link"
            src="https://github.com/lukeggchapman"
          >
            lukeggchapman
          </div>
        </div>
        <div
          data-pdf="Text"
        >
          <div
            data-pdf="Text"
            data-style="[
  {
    "fontFamily": "Font Awesome 5 Free"
  },
  {
    "fontWeight": 700
  }
]"
          >
            
          </div>
           
          <div
            data-pdf="Link"
            src="https://www.linkedin.com/in/lukeggchapman"
          >
            lukeggchapman
          </div>
        </div>
        <div
          data-pdf="Text"
        >
          <div
            data-pdf="Text"
            data-style="[
  {
    "fontFamily": "Font Awesome 5 Free"
  },
  {
    "fontWeight": 700
  }
]"
          >
            
          </div>
           
          Created with React.
           Source code 
          <div
            data-pdf="Link"
            src="https://bit.ly/2VgE4pH"
          >
            https://bit.ly/2VgE4pH
          </div>
        </div>
      </div>
    </div>
  </div>
</div>
`;
