// Jest Snapshot v1, https://goo.gl/fbAQLP

exports[`Education renders correctly 1`] = `
<Section
  title="Education"
>
  <ContentItem
    endDate="endDateTest1"
    key="schoolTest1"
    logo="logoPublcUrlTest1"
    startDate="startDateTest1"
    subTitle="degreeTest1"
    title="schoolTest1"
  >
    htmlAstTest1
  </ContentItem>
</Section>
`;
