// Jest Snapshot v1, https://goo.gl/fbAQLP

exports[`Skill renders correctly 1`] = `
<View
  style={
    {
      "marginBottom": 10,
    }
  }
>
  <Text
    style={
      [
        {
          "fontFamily": "Oswald",
          "fontSize": 14,
        },
        {
          "marginBottom": 5,
          "textTransform": "capitalize",
        },
      ]
    }
  >
    titleTest
  </Text>
  <Text
    key="skillTest1"
    style={
      [
        {
          "color": "#555",
          "fontFamily": "PT Sans",
          "fontSize": 10,
        },
        {
          "color": "#333",
        },
      ]
    }
  >
    skillTest1
  </Text>
  <Text
    key="skillTest2"
    style={
      [
        {
          "color": "#555",
          "fontFamily": "PT Sans",
          "fontSize": 10,
        },
        {
          "color": "#333",
        },
      ]
    }
  >
    skillTest2
  </Text>
</View>
`;
