// Jest Snapshot v1, https://goo.gl/fbAQLP

exports[`Skills renders correctly 1`] = `
<Section
  title="Skills"
>
  <Skill
    key="beginner"
    skills={
      [
        "skillTest1",
        "skillTest2",
      ]
    }
    title="beginner"
  />
  <Skill
    key="intermediate"
    skills={
      [
        "skillTest3",
        "skillTest4",
      ]
    }
    title="intermediate"
  />
  <Skill
    key="advanced"
    skills={
      [
        "skillTest5",
        "skillTest6",
      ]
    }
    title="advanced"
  />
</Section>
`;
