// Jest Snapshot v1, https://goo.gl/fbAQLP

exports[`ContentItem renders correctly 1`] = `
<View
  style={
    Object {
      "flexDirection": "row",
      "fontSize": 10,
      "padding": "0 5",
    }
  }
>
  <View
    style={
      Object {
        "alignItems": "center",
        "flex": 1,
        "justifyContent": "center",
        "paddingRight": 5,
      }
    }
  >
    <Image
      safePath="."
      src="logoTest"
      style={
        Object {
          "height": 35,
        }
      }
    />
  </View>
  <View
    style={
      Array [
        Object {
          "flex": 7,
        },
        Object {
          "alignSelf": undefined,
        },
      ]
    }
  >
    <Text
      style={
        Object {
          "fontFamily": "Oswald",
          "fontSize": 14,
        }
      }
    >
      titleTest
    </Text>
    <View
      style={
        Array [
          Object {
            "color": "#555",
            "fontFamily": "PT Sans",
            "fontSize": 10,
          },
          Object {
            "flexDirection": "row",
            "justifyContent": "space-between",
          },
        ]
      }
    >
      <Text>
        subTitleTest
      </Text>
      <View>
        <Text>
          May, 2010 – Jun, 2012
           · 
          2 yrs 1 mo
        </Text>
      </View>
    </View>
    <View
      style={
        Object {
          "flexDirection": "column",
          "width": "100%",
        }
      }
    >
      <View
        style={
          Object {
            "marginTop": 5,
          }
        }
      >
        ReactNodeTest
      </View>
      <Image
        safePath="."
        src="test-file-stub"
        style={
          Object {
            "alignSelf": "center",
            "margin": "10 0",
            "width": 400,
          }
        }
      />
    </View>
  </View>
</View>
`;
