// Jest Snapshot v1, https://goo.gl/fbAQLP

exports[`Section renders correctly 1`] = `
<View>
  <Text
    style={
      Object {
        "borderBottom": "1 solid #333",
        "fontFamily": "Oswald",
        "fontSize": 16,
        "fontWeight": 900,
        "marginBottom": 5,
      }
    }
  >
    titleTest
  </Text>
  ReactNodeTest
</View>
`;
