// Jest Snapshot v1, https://goo.gl/fbAQLP

exports[`experienceData should have the correct data 1`] = `
[
  {
    "frontmatter": "componoFrontmatterMock",
    "htmlAst": "mdToHast(componoContentMock)",
    "logo": "test-file-stub",
  },
  {
    "frontmatter": "assignarFrontmatterMock",
    "htmlAst": "mdToHast(assignarContentMock)",
    "logo": "test-file-stub",
  },
  {
    "frontmatter": "learnosityFrontmatterMock",
    "htmlAst": "mdToHast(learnosityContentMock)",
    "logo": "test-file-stub",
  },
]
`;
