// Jest Snapshot v1, https://goo.gl/fbAQLP

exports[`experienceData should have the correct data 1`] = `
[
  {
    "frontmatter": {
      "frontmatterFor": "indebtedContentMock",
    },
    "htmlAst": "htmlAst(indebtedContentMock)",
    "logo": "test-file-stub",
  },
  {
    "frontmatter": {
      "frontmatterFor": "pathzeroContentMock",
    },
    "htmlAst": "htmlAst(pathzeroContentMock)",
    "logo": "test-file-stub",
  },
  {
    "frontmatter": {
      "frontmatterFor": "componoContentMock",
    },
    "htmlAst": "htmlAst(componoContentMock)",
    "logo": "test-file-stub",
    "style": {
      "marginBottom": "100px",
    },
  },
  {
    "frontmatter": {
      "frontmatterFor": "assignarContentMock",
    },
    "htmlAst": "htmlAst(assignarContentMock)",
    "logo": "test-file-stub",
  },
  {
    "frontmatter": {
      "frontmatterFor": "learnosityContentMock",
    },
    "htmlAst": "htmlAst(learnosityContentMock)",
    "logo": "test-file-stub",
  },
]
`;
